// Jest Snapshot v1, https://goo.gl/fbAQLP

exports[`missions Component test Renders Mission Row 1`] = `
<div
  className="all-countries"
>
  <div>
    <div
      className="searbar"
    >
      <form>
        <input
          className="input-search"
          onChange={[Function]}
          placeholder="search a country..."
          type="search"
          value=""
        />
      </form>
    </div>
  </div>
  <div
    className="country-container"
  />
</div>
`;
